Job started on u040233.si.ehu.es
Date: Fri May  1 10:35:00 PM CEST 2026
Collecting pyairports
  Downloading pyairports-0.0.1.tar.gz (3.1 kB)
  Installing build dependencies: started
  Installing build dependencies: finished with status 'done'
  Getting requirements to build wheel: started
  Getting requirements to build wheel: finished with status 'done'
  Preparing metadata (pyproject.toml): started
  Preparing metadata (pyproject.toml): finished with status 'done'
Collecting pycountry
  Downloading pycountry-24.6.1-py3-none-any.whl.metadata (12 kB)
Collecting outlines==0.0.46
  Downloading outlines-0.0.46-py3-none-any.whl.metadata (15 kB)
Collecting interegular (from outlines==0.0.46)
  Downloading interegular-0.3.3-py37-none-any.whl.metadata (3.0 kB)
Collecting jinja2 (from outlines==0.0.46)
  Downloading jinja2-3.1.6-py3-none-any.whl.metadata (2.9 kB)
Collecting lark (from outlines==0.0.46)
  Downloading lark-1.3.1-py3-none-any.whl.metadata (1.8 kB)
Collecting nest-asyncio (from outlines==0.0.46)
  Downloading nest_asyncio-1.6.0-py3-none-any.whl.metadata (2.8 kB)
Collecting numpy<2.0.0 (from outlines==0.0.46)
  Downloading numpy-1.26.4-cp39-cp39-manylinux_2_17_x86_64.manylinux2014_x86_64.whl.metadata (61 kB)
Collecting cloudpickle (from outlines==0.0.46)
  Downloading cloudpickle-3.1.2-py3-none-any.whl.metadata (7.1 kB)
Collecting diskcache (from outlines==0.0.46)
  Downloading diskcache-5.6.3-py3-none-any.whl.metadata (20 kB)
Collecting pydantic>=2.0 (from outlines==0.0.46)
  Downloading pydantic-2.13.3-py3-none-any.whl.metadata (108 kB)
Collecting numba (from outlines==0.0.46)
  Downloading numba-0.60.0-cp39-cp39-manylinux2014_x86_64.manylinux_2_17_x86_64.whl.metadata (2.7 kB)
Collecting referencing (from outlines==0.0.46)
  Downloading referencing-0.36.2-py3-none-any.whl.metadata (2.8 kB)
Collecting jsonschema (from outlines==0.0.46)
  Downloading jsonschema-4.25.1-py3-none-any.whl.metadata (7.6 kB)
Collecting requests (from outlines==0.0.46)
  Downloading requests-2.32.5-py3-none-any.whl.metadata (4.9 kB)
Collecting tqdm (from outlines==0.0.46)
  Downloading tqdm-4.67.3-py3-none-any.whl.metadata (57 kB)
Collecting datasets (from outlines==0.0.46)
  Downloading datasets-4.5.0-py3-none-any.whl.metadata (19 kB)
Collecting typing-extensions (from outlines==0.0.46)
  Downloading typing_extensions-4.15.0-py3-none-any.whl.metadata (3.3 kB)
Collecting annotated-types>=0.6.0 (from pydantic>=2.0->outlines==0.0.46)
  Downloading annotated_types-0.7.0-py3-none-any.whl.metadata (15 kB)
Collecting pydantic-core==2.46.3 (from pydantic>=2.0->outlines==0.0.46)
  Downloading pydantic_core-2.46.3-cp39-cp39-manylinux_2_17_x86_64.manylinux2014_x86_64.whl.metadata (6.6 kB)
Collecting typing-inspection>=0.4.2 (from pydantic>=2.0->outlines==0.0.46)
  Downloading typing_inspection-0.4.2-py3-none-any.whl.metadata (2.6 kB)
Collecting filelock (from datasets->outlines==0.0.46)
  Downloading filelock-3.19.1-py3-none-any.whl.metadata (2.1 kB)
Collecting pyarrow>=21.0.0 (from datasets->outlines==0.0.46)
  Downloading pyarrow-21.0.0-cp39-cp39-manylinux_2_28_x86_64.whl.metadata (3.3 kB)
Collecting dill<0.4.1,>=0.3.0 (from datasets->outlines==0.0.46)
  Downloading dill-0.4.0-py3-none-any.whl.metadata (10 kB)
Collecting pandas (from datasets->outlines==0.0.46)
  Downloading pandas-2.3.3-cp39-cp39-manylinux_2_24_x86_64.manylinux_2_28_x86_64.whl.metadata (91 kB)
Collecting httpx<1.0.0 (from datasets->outlines==0.0.46)
  Downloading httpx-0.28.1-py3-none-any.whl.metadata (7.1 kB)
Collecting xxhash (from datasets->outlines==0.0.46)
  Downloading xxhash-3.7.0-cp39-cp39-manylinux2014_x86_64.manylinux_2_17_x86_64.manylinux_2_28_x86_64.whl.metadata (13 kB)
Collecting multiprocess<0.70.19 (from datasets->outlines==0.0.46)
  Downloading multiprocess-0.70.18-py39-none-any.whl.metadata (7.5 kB)
Collecting fsspec<=2025.10.0,>=2023.1.0 (from fsspec[http]<=2025.10.0,>=2023.1.0->datasets->outlines==0.0.46)
  Downloading fsspec-2025.10.0-py3-none-any.whl.metadata (10 kB)
Collecting huggingface-hub<2.0,>=0.25.0 (from datasets->outlines==0.0.46)
  Downloading huggingface_hub-1.8.0-py3-none-any.whl.metadata (13 kB)
Collecting packaging (from datasets->outlines==0.0.46)
  Downloading packaging-26.2-py3-none-any.whl.metadata (3.5 kB)
Collecting pyyaml>=5.1 (from datasets->outlines==0.0.46)
  Downloading pyyaml-6.0.3-cp39-cp39-manylinux2014_x86_64.manylinux_2_17_x86_64.manylinux_2_28_x86_64.whl.metadata (2.4 kB)
Collecting aiohttp!=4.0.0a0,!=4.0.0a1 (from fsspec[http]<=2025.10.0,>=2023.1.0->datasets->outlines==0.0.46)
  Downloading aiohttp-3.13.5-cp39-cp39-manylinux2014_x86_64.manylinux_2_17_x86_64.manylinux_2_28_x86_64.whl.metadata (8.1 kB)
Collecting anyio (from httpx<1.0.0->datasets->outlines==0.0.46)
  Downloading anyio-4.12.1-py3-none-any.whl.metadata (4.3 kB)
Collecting certifi (from httpx<1.0.0->datasets->outlines==0.0.46)
  Downloading certifi-2026.4.22-py3-none-any.whl.metadata (2.5 kB)
Collecting httpcore==1.* (from httpx<1.0.0->datasets->outlines==0.0.46)
  Downloading httpcore-1.0.9-py3-none-any.whl.metadata (21 kB)
Collecting idna (from httpx<1.0.0->datasets->outlines==0.0.46)
  Downloading idna-3.13-py3-none-any.whl.metadata (8.0 kB)
Collecting h11>=0.16 (from httpcore==1.*->httpx<1.0.0->datasets->outlines==0.0.46)
  Downloading h11-0.16.0-py3-none-any.whl.metadata (8.3 kB)
Collecting hf-xet<2.0.0,>=1.4.2 (from huggingface-hub<2.0,>=0.25.0->datasets->outlines==0.0.46)
  Downloading hf_xet-1.4.3-cp37-abi3-manylinux2014_x86_64.manylinux_2_17_x86_64.whl.metadata (4.9 kB)
Collecting typer (from huggingface-hub<2.0,>=0.25.0->datasets->outlines==0.0.46)
  Downloading typer-0.23.2-py3-none-any.whl.metadata (16 kB)
Collecting aiohappyeyeballs>=2.5.0 (from aiohttp!=4.0.0a0,!=4.0.0a1->fsspec[http]<=2025.10.0,>=2023.1.0->datasets->outlines==0.0.46)
  Downloading aiohappyeyeballs-2.6.1-py3-none-any.whl.metadata (5.9 kB)
Collecting aiosignal>=1.4.0 (from aiohttp!=4.0.0a0,!=4.0.0a1->fsspec[http]<=2025.10.0,>=2023.1.0->datasets->outlines==0.0.46)
  Downloading aiosignal-1.4.0-py3-none-any.whl.metadata (3.7 kB)
Collecting async-timeout<6.0,>=4.0 (from aiohttp!=4.0.0a0,!=4.0.0a1->fsspec[http]<=2025.10.0,>=2023.1.0->datasets->outlines==0.0.46)
  Downloading async_timeout-5.0.1-py3-none-any.whl.metadata (5.1 kB)
Collecting attrs>=17.3.0 (from aiohttp!=4.0.0a0,!=4.0.0a1->fsspec[http]<=2025.10.0,>=2023.1.0->datasets->outlines==0.0.46)
  Downloading attrs-26.1.0-py3-none-any.whl.metadata (8.8 kB)
Collecting frozenlist>=1.1.1 (from aiohttp!=4.0.0a0,!=4.0.0a1->fsspec[http]<=2025.10.0,>=2023.1.0->datasets->outlines==0.0.46)
  Downloading frozenlist-1.8.0-cp39-cp39-manylinux1_x86_64.manylinux_2_28_x86_64.manylinux_2_5_x86_64.whl.metadata (20 kB)
Collecting multidict<7.0,>=4.5 (from aiohttp!=4.0.0a0,!=4.0.0a1->fsspec[http]<=2025.10.0,>=2023.1.0->datasets->outlines==0.0.46)
  Downloading multidict-6.7.1-cp39-cp39-manylinux2014_x86_64.manylinux_2_17_x86_64.manylinux_2_28_x86_64.whl.metadata (5.3 kB)
Collecting propcache>=0.2.0 (from aiohttp!=4.0.0a0,!=4.0.0a1->fsspec[http]<=2025.10.0,>=2023.1.0->datasets->outlines==0.0.46)
  Downloading propcache-0.4.1-cp39-cp39-manylinux2014_x86_64.manylinux_2_17_x86_64.manylinux_2_28_x86_64.whl.metadata (13 kB)
Collecting yarl<2.0,>=1.17.0 (from aiohttp!=4.0.0a0,!=4.0.0a1->fsspec[http]<=2025.10.0,>=2023.1.0->datasets->outlines==0.0.46)
  Downloading yarl-1.22.0-cp39-cp39-manylinux2014_x86_64.manylinux_2_17_x86_64.manylinux_2_28_x86_64.whl.metadata (75 kB)
Collecting charset_normalizer<4,>=2 (from requests->outlines==0.0.46)
  Downloading charset_normalizer-3.4.7-cp39-cp39-manylinux2014_x86_64.manylinux_2_17_x86_64.manylinux_2_28_x86_64.whl.metadata (40 kB)
Collecting urllib3<3,>=1.21.1 (from requests->outlines==0.0.46)
  Downloading urllib3-2.6.3-py3-none-any.whl.metadata (6.9 kB)
Collecting exceptiongroup>=1.0.2 (from anyio->httpx<1.0.0->datasets->outlines==0.0.46)
  Downloading exceptiongroup-1.3.1-py3-none-any.whl.metadata (6.7 kB)
Collecting MarkupSafe>=2.0 (from jinja2->outlines==0.0.46)
  Downloading markupsafe-3.0.3-cp39-cp39-manylinux2014_x86_64.manylinux_2_17_x86_64.manylinux_2_28_x86_64.whl.metadata (2.7 kB)
Collecting jsonschema-specifications>=2023.03.6 (from jsonschema->outlines==0.0.46)
  Downloading jsonschema_specifications-2025.9.1-py3-none-any.whl.metadata (2.9 kB)
Collecting rpds-py>=0.7.1 (from jsonschema->outlines==0.0.46)
  Downloading rpds_py-0.27.1-cp39-cp39-manylinux_2_17_x86_64.manylinux2014_x86_64.whl.metadata (4.2 kB)
Collecting llvmlite<0.44,>=0.43.0dev0 (from numba->outlines==0.0.46)
  Downloading llvmlite-0.43.0-cp39-cp39-manylinux_2_17_x86_64.manylinux2014_x86_64.whl.metadata (4.8 kB)
Collecting python-dateutil>=2.8.2 (from pandas->datasets->outlines==0.0.46)
  Downloading python_dateutil-2.9.0.post0-py2.py3-none-any.whl.metadata (8.4 kB)
Collecting pytz>=2020.1 (from pandas->datasets->outlines==0.0.46)
  Downloading pytz-2026.1.post1-py2.py3-none-any.whl.metadata (22 kB)
Collecting tzdata>=2022.7 (from pandas->datasets->outlines==0.0.46)
  Downloading tzdata-2026.2-py2.py3-none-any.whl.metadata (1.4 kB)
Collecting six>=1.5 (from python-dateutil>=2.8.2->pandas->datasets->outlines==0.0.46)
  Downloading six-1.17.0-py2.py3-none-any.whl.metadata (1.7 kB)
Collecting click>=8.0.0 (from typer->huggingface-hub<2.0,>=0.25.0->datasets->outlines==0.0.46)
  Downloading click-8.1.8-py3-none-any.whl.metadata (2.3 kB)
Collecting shellingham>=1.3.0 (from typer->huggingface-hub<2.0,>=0.25.0->datasets->outlines==0.0.46)
  Downloading shellingham-1.5.4-py2.py3-none-any.whl.metadata (3.5 kB)
Collecting rich>=12.3.0 (from typer->huggingface-hub<2.0,>=0.25.0->datasets->outlines==0.0.46)
  Downloading rich-15.0.0-py3-none-any.whl.metadata (18 kB)
Collecting annotated-doc>=0.0.2 (from typer->huggingface-hub<2.0,>=0.25.0->datasets->outlines==0.0.46)
  Downloading annotated_doc-0.0.4-py3-none-any.whl.metadata (6.6 kB)
Collecting markdown-it-py>=2.2.0 (from rich>=12.3.0->typer->huggingface-hub<2.0,>=0.25.0->datasets->outlines==0.0.46)
  Downloading markdown_it_py-3.0.0-py3-none-any.whl.metadata (6.9 kB)
Collecting pygments<3.0.0,>=2.13.0 (from rich>=12.3.0->typer->huggingface-hub<2.0,>=0.25.0->datasets->outlines==0.0.46)
  Downloading pygments-2.20.0-py3-none-any.whl.metadata (2.5 kB)
Collecting mdurl~=0.1 (from markdown-it-py>=2.2.0->rich>=12.3.0->typer->huggingface-hub<2.0,>=0.25.0->datasets->outlines==0.0.46)
  Downloading mdurl-0.1.2-py3-none-any.whl.metadata (1.6 kB)
Downloading outlines-0.0.46-py3-none-any.whl (101 kB)
Downloading numpy-1.26.4-cp39-cp39-manylinux_2_17_x86_64.manylinux2014_x86_64.whl (18.2 MB)
   ━━━━━━━━━━━━━━━━━━━━━━━━━━━━━━━━━━━━━━━━ 18.2/18.2 MB 66.7 MB/s  0:00:00
Downloading pycountry-24.6.1-py3-none-any.whl (6.3 MB)
   ━━━━━━━━━━━━━━━━━━━━━━━━━━━━━━━━━━━━━━━━ 6.3/6.3 MB 38.2 MB/s  0:00:00
Downloading pydantic-2.13.3-py3-none-any.whl (471 kB)
Downloading pydantic_core-2.46.3-cp39-cp39-manylinux_2_17_x86_64.manylinux2014_x86_64.whl (2.1 MB)
   ━━━━━━━━━━━━━━━━━━━━━━━━━━━━━━━━━━━━━━━━ 2.1/2.1 MB 114.5 MB/s  0:00:00
Downloading annotated_types-0.7.0-py3-none-any.whl (13 kB)
Downloading typing_extensions-4.15.0-py3-none-any.whl (44 kB)
Downloading typing_inspection-0.4.2-py3-none-any.whl (14 kB)
Downloading cloudpickle-3.1.2-py3-none-any.whl (22 kB)
Downloading datasets-4.5.0-py3-none-any.whl (515 kB)
Downloading dill-0.4.0-py3-none-any.whl (119 kB)
Downloading fsspec-2025.10.0-py3-none-any.whl (200 kB)
Downloading httpx-0.28.1-py3-none-any.whl (73 kB)
Downloading httpcore-1.0.9-py3-none-any.whl (78 kB)
Downloading huggingface_hub-1.8.0-py3-none-any.whl (625 kB)
   ━━━━━━━━━━━━━━━━━━━━━━━━━━━━━━━━━━━━━━━━ 625.2/625.2 kB 121.0 MB/s  0:00:00
Downloading hf_xet-1.4.3-cp37-abi3-manylinux2014_x86_64.manylinux_2_17_x86_64.whl (4.2 MB)
   ━━━━━━━━━━━━━━━━━━━━━━━━━━━━━━━━━━━━━━━━ 4.2/4.2 MB 107.9 MB/s  0:00:00
Downloading multiprocess-0.70.18-py39-none-any.whl (133 kB)
Downloading aiohttp-3.13.5-cp39-cp39-manylinux2014_x86_64.manylinux_2_17_x86_64.manylinux_2_28_x86_64.whl (1.7 MB)
   ━━━━━━━━━━━━━━━━━━━━━━━━━━━━━━━━━━━━━━━━ 1.7/1.7 MB 116.6 MB/s  0:00:00
Downloading async_timeout-5.0.1-py3-none-any.whl (6.2 kB)
Downloading multidict-6.7.1-cp39-cp39-manylinux2014_x86_64.manylinux_2_17_x86_64.manylinux_2_28_x86_64.whl (240 kB)
Downloading yarl-1.22.0-cp39-cp39-manylinux2014_x86_64.manylinux_2_17_x86_64.manylinux_2_28_x86_64.whl (346 kB)
Downloading aiohappyeyeballs-2.6.1-py3-none-any.whl (15 kB)
Downloading aiosignal-1.4.0-py3-none-any.whl (7.5 kB)
Downloading attrs-26.1.0-py3-none-any.whl (67 kB)
Downloading filelock-3.19.1-py3-none-any.whl (15 kB)
Downloading frozenlist-1.8.0-cp39-cp39-manylinux1_x86_64.manylinux_2_28_x86_64.manylinux_2_5_x86_64.whl (219 kB)
Downloading h11-0.16.0-py3-none-any.whl (37 kB)
Downloading idna-3.13-py3-none-any.whl (68 kB)
Downloading packaging-26.2-py3-none-any.whl (100 kB)
Downloading propcache-0.4.1-cp39-cp39-manylinux2014_x86_64.manylinux_2_17_x86_64.manylinux_2_28_x86_64.whl (197 kB)
Downloading pyarrow-21.0.0-cp39-cp39-manylinux_2_28_x86_64.whl (42.7 MB)
   ━━━━━━━━━━━━━━━━━━━━━━━━━━━━━━━━━━━━━━━━ 42.7/42.7 MB 56.9 MB/s  0:00:00
Downloading pyyaml-6.0.3-cp39-cp39-manylinux2014_x86_64.manylinux_2_17_x86_64.manylinux_2_28_x86_64.whl (750 kB)
   ━━━━━━━━━━━━━━━━━━━━━━━━━━━━━━━━━━━━━━━━ 750.8/750.8 kB 120.4 MB/s  0:00:00
Downloading requests-2.32.5-py3-none-any.whl (64 kB)
Downloading charset_normalizer-3.4.7-cp39-cp39-manylinux2014_x86_64.manylinux_2_17_x86_64.manylinux_2_28_x86_64.whl (208 kB)
Downloading urllib3-2.6.3-py3-none-any.whl (131 kB)
Downloading certifi-2026.4.22-py3-none-any.whl (135 kB)
Downloading tqdm-4.67.3-py3-none-any.whl (78 kB)
Downloading anyio-4.12.1-py3-none-any.whl (113 kB)
Downloading exceptiongroup-1.3.1-py3-none-any.whl (16 kB)
Downloading diskcache-5.6.3-py3-none-any.whl (45 kB)
Downloading interegular-0.3.3-py37-none-any.whl (23 kB)
Downloading jinja2-3.1.6-py3-none-any.whl (134 kB)
Downloading markupsafe-3.0.3-cp39-cp39-manylinux2014_x86_64.manylinux_2_17_x86_64.manylinux_2_28_x86_64.whl (20 kB)
Downloading jsonschema-4.25.1-py3-none-any.whl (90 kB)
Downloading jsonschema_specifications-2025.9.1-py3-none-any.whl (18 kB)
Downloading referencing-0.36.2-py3-none-any.whl (26 kB)
Downloading rpds_py-0.27.1-cp39-cp39-manylinux_2_17_x86_64.manylinux2014_x86_64.whl (384 kB)
Downloading lark-1.3.1-py3-none-any.whl (113 kB)
Downloading nest_asyncio-1.6.0-py3-none-any.whl (5.2 kB)
Downloading numba-0.60.0-cp39-cp39-manylinux2014_x86_64.manylinux_2_17_x86_64.whl (3.7 MB)
   ━━━━━━━━━━━━━━━━━━━━━━━━━━━━━━━━━━━━━━━━ 3.7/3.7 MB 106.3 MB/s  0:00:00
Downloading llvmlite-0.43.0-cp39-cp39-manylinux_2_17_x86_64.manylinux2014_x86_64.whl (43.9 MB)
   ━━━━━━━━━━━━━━━━━━━━━━━━━━━━━━━━━━━━━━━━ 43.9/43.9 MB 50.2 MB/s  0:00:00
Downloading pandas-2.3.3-cp39-cp39-manylinux_2_24_x86_64.manylinux_2_28_x86_64.whl (12.8 MB)
   ━━━━━━━━━━━━━━━━━━━━━━━━━━━━━━━━━━━━━━━━ 12.8/12.8 MB 116.7 MB/s  0:00:00
Downloading python_dateutil-2.9.0.post0-py2.py3-none-any.whl (229 kB)
Downloading pytz-2026.1.post1-py2.py3-none-any.whl (510 kB)
Downloading six-1.17.0-py2.py3-none-any.whl (11 kB)
Downloading tzdata-2026.2-py2.py3-none-any.whl (349 kB)
Downloading typer-0.23.2-py3-none-any.whl (56 kB)
Downloading annotated_doc-0.0.4-py3-none-any.whl (5.3 kB)
Downloading click-8.1.8-py3-none-any.whl (98 kB)
Downloading rich-15.0.0-py3-none-any.whl (310 kB)
Downloading pygments-2.20.0-py3-none-any.whl (1.2 MB)
   ━━━━━━━━━━━━━━━━━━━━━━━━━━━━━━━━━━━━━━━━ 1.2/1.2 MB 120.6 MB/s  0:00:00
Downloading markdown_it_py-3.0.0-py3-none-any.whl (87 kB)
Downloading mdurl-0.1.2-py3-none-any.whl (10.0 kB)
Downloading shellingham-1.5.4-py2.py3-none-any.whl (9.8 kB)
Downloading xxhash-3.7.0-cp39-cp39-manylinux2014_x86_64.manylinux_2_17_x86_64.manylinux_2_28_x86_64.whl (193 kB)
Building wheels for collected packages: pyairports
  Building wheel for pyairports (pyproject.toml): started
  Building wheel for pyairports (pyproject.toml): finished with status 'done'
  Created wheel for pyairports: filename=pyairports-0.0.1-py3-none-any.whl size=3522 sha256=d49dd97f2e157a05a6d7fb5da0a986cd16df46fdce979c997fbbd93400f83a0f
  Stored in directory: /tmp/pip-ephem-wheel-cache-cd317s6h/wheels/5d/b1/17/5d789d7ecd6d704821c6e8346ca81a21b802e2a9a98e6d2648
Successfully built pyairports
Installing collected packages: pytz, pyairports, xxhash, urllib3, tzdata, typing-extensions, tqdm, six, shellingham, rpds-py, pyyaml, pygments, pycountry, pyarrow, propcache, packaging, numpy, nest-asyncio, mdurl, MarkupSafe, llvmlite, lark, interegular, idna, hf-xet, h11, fsspec, frozenlist, filelock, diskcache, dill, cloudpickle, click, charset_normalizer, certifi, attrs, async-timeout, annotated-types, annotated-doc, aiohappyeyeballs, typing-inspection, requests, referencing, python-dateutil, pydantic-core, numba, multiprocess, multidict, markdown-it-py, jinja2, httpcore, exceptiongroup, aiosignal, yarl, rich, pydantic, pandas, jsonschema-specifications, anyio, typer, jsonschema, httpx, aiohttp, huggingface-hub, datasets, outlines
  Attempting uninstall: pytz
    Found existing installation: pytz 2026.1.post1
    Uninstalling pytz-2026.1.post1:
      Successfully uninstalled pytz-2026.1.post1
  Attempting uninstall: pyairports
    Found existing installation: pyairports 0.0.1
    Uninstalling pyairports-0.0.1:
      Successfully uninstalled pyairports-0.0.1
  Attempting uninstall: xxhash
    Found existing installation: xxhash 3.7.0
    Uninstalling xxhash-3.7.0:
      Successfully uninstalled xxhash-3.7.0
  Attempting uninstall: urllib3
    Found existing installation: urllib3 2.6.3
    Uninstalling urllib3-2.6.3:
      Successfully uninstalled urllib3-2.6.3
  Attempting uninstall: tzdata
    Found existing installation: tzdata 2026.2
    Uninstalling tzdata-2026.2:
      Successfully uninstalled tzdata-2026.2
  Attempting uninstall: typing-extensions
    Found existing installation: typing_extensions 4.15.0
    Uninstalling typing_extensions-4.15.0:
      Successfully uninstalled typing_extensions-4.15.0
  Attempting uninstall: tqdm
    Found existing installation: tqdm 4.67.3
    Uninstalling tqdm-4.67.3:
      Successfully uninstalled tqdm-4.67.3
  Attempting uninstall: six
    Found existing installation: six 1.17.0
    Uninstalling six-1.17.0:
      Successfully uninstalled six-1.17.0
  Attempting uninstall: shellingham
    Found existing installation: shellingham 1.5.4
    Uninstalling shellingham-1.5.4:
      Successfully uninstalled shellingham-1.5.4
  Attempting uninstall: rpds-py
    Found existing installation: rpds-py 0.27.1
    Uninstalling rpds-py-0.27.1:
      Successfully uninstalled rpds-py-0.27.1
  Attempting uninstall: pyyaml
    Found existing installation: PyYAML 6.0.3
    Uninstalling PyYAML-6.0.3:
      Successfully uninstalled PyYAML-6.0.3
  Attempting uninstall: pygments
    Found existing installation: Pygments 2.20.0
    Uninstalling Pygments-2.20.0:
      Successfully uninstalled Pygments-2.20.0
  Attempting uninstall: pycountry
    Found existing installation: pycountry 24.6.1
    Uninstalling pycountry-24.6.1:
      Successfully uninstalled pycountry-24.6.1
  Attempting uninstall: pyarrow
    Found existing installation: pyarrow 21.0.0
    Uninstalling pyarrow-21.0.0:
      Successfully uninstalled pyarrow-21.0.0
  Attempting uninstall: propcache
    Found existing installation: propcache 0.4.1
    Uninstalling propcache-0.4.1:
      Successfully uninstalled propcache-0.4.1
  Attempting uninstall: packaging
    Found existing installation: packaging 26.2
    Uninstalling packaging-26.2:
      Successfully uninstalled packaging-26.2
  Attempting uninstall: numpy
    Found existing installation: numpy 1.26.4
    Uninstalling numpy-1.26.4:
      Successfully uninstalled numpy-1.26.4
  Attempting uninstall: nest-asyncio
    Found existing installation: nest-asyncio 1.6.0
    Uninstalling nest-asyncio-1.6.0:
      Successfully uninstalled nest-asyncio-1.6.0
  Attempting uninstall: mdurl
    Found existing installation: mdurl 0.1.2
    Uninstalling mdurl-0.1.2:
      Successfully uninstalled mdurl-0.1.2
  Attempting uninstall: MarkupSafe
    Found existing installation: MarkupSafe 3.0.3
    Uninstalling MarkupSafe-3.0.3:
      Successfully uninstalled MarkupSafe-3.0.3
  Attempting uninstall: llvmlite
    Found existing installation: llvmlite 0.43.0
    Uninstalling llvmlite-0.43.0:
      Successfully uninstalled llvmlite-0.43.0
  Attempting uninstall: lark
    Found existing installation: lark 1.2.2
    Uninstalling lark-1.2.2:
      Successfully uninstalled lark-1.2.2
  Attempting uninstall: interegular
    Found existing installation: interegular 0.3.3
    Uninstalling interegular-0.3.3:
      Successfully uninstalled interegular-0.3.3
  Attempting uninstall: idna
    Found existing installation: idna 3.13
    Uninstalling idna-3.13:
      Successfully uninstalled idna-3.13
  Attempting uninstall: hf-xet
    Found existing installation: hf-xet 1.4.3
    Uninstalling hf-xet-1.4.3:
      Successfully uninstalled hf-xet-1.4.3
  Attempting uninstall: h11
    Found existing installation: h11 0.16.0
    Uninstalling h11-0.16.0:
      Successfully uninstalled h11-0.16.0
  Attempting uninstall: fsspec
    Found existing installation: fsspec 2025.10.0
    Uninstalling fsspec-2025.10.0:
      Successfully uninstalled fsspec-2025.10.0
  Attempting uninstall: frozenlist
    Found existing installation: frozenlist 1.8.0
    Uninstalling frozenlist-1.8.0:
      Successfully uninstalled frozenlist-1.8.0
  Attempting uninstall: filelock
    Found existing installation: filelock 3.19.1
    Uninstalling filelock-3.19.1:
      Successfully uninstalled filelock-3.19.1
  Attempting uninstall: diskcache
    Found existing installation: diskcache 5.6.3
    Uninstalling diskcache-5.6.3:
      Successfully uninstalled diskcache-5.6.3
  Attempting uninstall: dill
    Found existing installation: dill 0.4.0
    Uninstalling dill-0.4.0:
      Successfully uninstalled dill-0.4.0
  Attempting uninstall: cloudpickle
    Found existing installation: cloudpickle 3.1.2
    Uninstalling cloudpickle-3.1.2:
      Successfully uninstalled cloudpickle-3.1.2
  Attempting uninstall: click
    Found existing installation: click 8.1.8
    Uninstalling click-8.1.8:
      Successfully uninstalled click-8.1.8
  Attempting uninstall: charset_normalizer
    Found existing installation: charset-normalizer 3.4.7
    Uninstalling charset-normalizer-3.4.7:
      Successfully uninstalled charset-normalizer-3.4.7
  Attempting uninstall: certifi
    Found existing installation: certifi 2026.4.22
    Uninstalling certifi-2026.4.22:
      Successfully uninstalled certifi-2026.4.22
  Attempting uninstall: attrs
    Found existing installation: attrs 26.1.0
    Uninstalling attrs-26.1.0:
      Successfully uninstalled attrs-26.1.0
  Attempting uninstall: async-timeout
    Found existing installation: async-timeout 5.0.1
    Uninstalling async-timeout-5.0.1:
      Successfully uninstalled async-timeout-5.0.1
  Attempting uninstall: annotated-types
    Found existing installation: annotated-types 0.7.0
    Uninstalling annotated-types-0.7.0:
      Successfully uninstalled annotated-types-0.7.0
  Attempting uninstall: annotated-doc
    Found existing installation: annotated-doc 0.0.4
    Uninstalling annotated-doc-0.0.4:
      Successfully uninstalled annotated-doc-0.0.4
  Attempting uninstall: aiohappyeyeballs
    Found existing installation: aiohappyeyeballs 2.6.1
    Uninstalling aiohappyeyeballs-2.6.1:
      Successfully uninstalled aiohappyeyeballs-2.6.1
  Attempting uninstall: typing-inspection
    Found existing installation: typing-inspection 0.4.2
    Uninstalling typing-inspection-0.4.2:
      Successfully uninstalled typing-inspection-0.4.2
  Attempting uninstall: requests
    Found existing installation: requests 2.32.5
    Uninstalling requests-2.32.5:
      Successfully uninstalled requests-2.32.5
  Attempting uninstall: referencing
    Found existing installation: referencing 0.36.2
    Uninstalling referencing-0.36.2:
      Successfully uninstalled referencing-0.36.2
  Attempting uninstall: python-dateutil
    Found existing installation: python-dateutil 2.9.0.post0
    Uninstalling python-dateutil-2.9.0.post0:
      Successfully uninstalled python-dateutil-2.9.0.post0
  Attempting uninstall: pydantic-core
    Found existing installation: pydantic_core 2.46.3
    Uninstalling pydantic_core-2.46.3:
      Successfully uninstalled pydantic_core-2.46.3
  Attempting uninstall: numba
    Found existing installation: numba 0.60.0
    Uninstalling numba-0.60.0:
      Successfully uninstalled numba-0.60.0
  Attempting uninstall: multiprocess
    Found existing installation: multiprocess 0.70.18
    Uninstalling multiprocess-0.70.18:
      Successfully uninstalled multiprocess-0.70.18
  Attempting uninstall: multidict
    Found existing installation: multidict 6.7.1
    Uninstalling multidict-6.7.1:
      Successfully uninstalled multidict-6.7.1
  Attempting uninstall: markdown-it-py
    Found existing installation: markdown-it-py 3.0.0
    Uninstalling markdown-it-py-3.0.0:
      Successfully uninstalled markdown-it-py-3.0.0
  Attempting uninstall: jinja2
    Found existing installation: Jinja2 3.1.6
    Uninstalling Jinja2-3.1.6:
      Successfully uninstalled Jinja2-3.1.6
  Attempting uninstall: httpcore
    Found existing installation: httpcore 1.0.9
    Uninstalling httpcore-1.0.9:
      Successfully uninstalled httpcore-1.0.9
  Attempting uninstall: exceptiongroup
    Found existing installation: exceptiongroup 1.3.1
    Uninstalling exceptiongroup-1.3.1:
      Successfully uninstalled exceptiongroup-1.3.1
  Attempting uninstall: aiosignal
    Found existing installation: aiosignal 1.4.0
    Uninstalling aiosignal-1.4.0:
      Successfully uninstalled aiosignal-1.4.0
  Attempting uninstall: yarl
    Found existing installation: yarl 1.22.0
    Uninstalling yarl-1.22.0:
      Successfully uninstalled yarl-1.22.0
  Attempting uninstall: rich
    Found existing installation: rich 15.0.0
    Uninstalling rich-15.0.0:
      Successfully uninstalled rich-15.0.0
  Attempting uninstall: pydantic
    Found existing installation: pydantic 2.13.3
    Uninstalling pydantic-2.13.3:
      Successfully uninstalled pydantic-2.13.3
  Attempting uninstall: pandas
    Found existing installation: pandas 2.3.3
    Uninstalling pandas-2.3.3:
      Successfully uninstalled pandas-2.3.3
  Attempting uninstall: jsonschema-specifications
    Found existing installation: jsonschema-specifications 2025.9.1
    Uninstalling jsonschema-specifications-2025.9.1:
      Successfully uninstalled jsonschema-specifications-2025.9.1
  Attempting uninstall: anyio
    Found existing installation: anyio 4.12.1
    Uninstalling anyio-4.12.1:
      Successfully uninstalled anyio-4.12.1
  Attempting uninstall: typer
    Found existing installation: typer 0.23.2
    Uninstalling typer-0.23.2:
      Successfully uninstalled typer-0.23.2
  Attempting uninstall: jsonschema
    Found existing installation: jsonschema 4.25.1
    Uninstalling jsonschema-4.25.1:
      Successfully uninstalled jsonschema-4.25.1
  Attempting uninstall: httpx
    Found existing installation: httpx 0.28.1
    Uninstalling httpx-0.28.1:
      Successfully uninstalled httpx-0.28.1
  Attempting uninstall: aiohttp
    Found existing installation: aiohttp 3.13.5
    Uninstalling aiohttp-3.13.5:
      Successfully uninstalled aiohttp-3.13.5
  Attempting uninstall: huggingface-hub
    Found existing installation: huggingface_hub 0.36.2
    Uninstalling huggingface_hub-0.36.2:
      Successfully uninstalled huggingface_hub-0.36.2
  Attempting uninstall: datasets
    Found existing installation: datasets 4.5.0
    Uninstalling datasets-4.5.0:
      Successfully uninstalled datasets-4.5.0
  Attempting uninstall: outlines
    Found existing installation: outlines 0.0.46
    Uninstalling outlines-0.0.46:
      Successfully uninstalled outlines-0.0.46

Successfully installed MarkupSafe-3.0.3 aiohappyeyeballs-2.6.1 aiohttp-3.13.5 aiosignal-1.4.0 annotated-doc-0.0.4 annotated-types-0.7.0 anyio-4.12.1 async-timeout-5.0.1 attrs-26.1.0 certifi-2026.4.22 charset_normalizer-3.4.7 click-8.1.8 cloudpickle-3.1.2 datasets-4.5.0 dill-0.4.0 diskcache-5.6.3 exceptiongroup-1.3.1 filelock-3.19.1 frozenlist-1.8.0 fsspec-2025.10.0 h11-0.16.0 hf-xet-1.4.3 httpcore-1.0.9 httpx-0.28.1 huggingface-hub-1.8.0 idna-3.13 interegular-0.3.3 jinja2-3.1.6 jsonschema-4.25.1 jsonschema-specifications-2025.9.1 lark-1.3.1 llvmlite-0.43.0 markdown-it-py-3.0.0 mdurl-0.1.2 multidict-6.7.1 multiprocess-0.70.18 nest-asyncio-1.6.0 numba-0.60.0 numpy-1.26.4 outlines-0.0.46 packaging-26.2 pandas-2.3.3 propcache-0.4.1 pyairports-0.0.1 pyarrow-21.0.0 pycountry-24.6.1 pydantic-2.13.3 pydantic-core-2.46.3 pygments-2.20.0 python-dateutil-2.9.0.post0 pytz-2026.1.post1 pyyaml-6.0.3 referencing-0.36.2 requests-2.32.5 rich-15.0.0 rpds-py-0.27.1 shellingham-1.5.4 six-1.17.0 tqdm-4.67.3 typer-0.23.2 typing-extensions-4.15.0 typing-inspection-0.4.2 tzdata-2026.2 urllib3-2.6.3 xxhash-3.7.0 yarl-1.22.0
Loaded 30032 rows from /home/pguerrero005/MT/MT-domain-adaptation/sampled-data/corpus_ca_es_100k_lit.json
EU: 30016 unique paragraphs, 30016 not cached
Job finished at Fri May  1 10:35:23 PM CEST 2026
